This is LuaHBTeX, Version 1.17.0 (TeX Live 2023/Debian)  (format=lualatex 2024.5.21)  7 APR 2025 19:20
 restricted system commands enabled.
**part1.tex
(./part1.tex
LaTeX2e <2023-11-01> patch level 1
L3 programming layer <2024-01-22>
Lua module: luaotfload 2023-08-31 3.26 Lua based OpenType font support
Lua module: lualibs 2023-07-13 2.76 ConTeXt Lua standard libraries.
Lua module: lualibs-extended 2023-07-13 2.76 ConTeXt Lua libraries -- extended c
ollection.
luaotfload | conf : Root cache directory is "/home/reginaldodr/.texlive2023/texm
f-var/luatex-cache/generic/names".
luaotfload | init : Loading fontloader "fontloader-2023-08-19.lua" from kpse-res
olved path "/usr/share/texlive/texmf-dist/tex/luatex/luaotfload/fontloader-2023-
08-19.lua".
Lua-only attribute luaotfload@noligature = 1
luaotfload | init : Context OpenType loader version 3.133
Inserting `luaotfload.node_processor' in `pre_linebreak_filter'.
Inserting `luaotfload.node_processor' in `hpack_filter'.
Inserting `luaotfload.glyph_stream' in `glyph_stream_provider'.
Inserting `luaotfload.define_font' in `define_font'.
Lua-only attribute luaotfload_color_attribute = 2
luaotfload | conf : Root cache directory is "/home/reginaldodr/.texlive2023/texm
f-var/luatex-cache/generic/names".
Inserting `luaotfload.harf.strip_prefix' in `find_opentype_file'.
Inserting `luaotfload.harf.strip_prefix' in `find_truetype_file'.
Removing  `luaotfload.glyph_stream' from `glyph_stream_provider'.
Inserting `luaotfload.harf.glyphstream' in `glyph_stream_provider'.
Inserting `luaotfload.harf.finalize_vlist' in `post_linebreak_filter'.
Inserting `luaotfload.harf.finalize_hlist' in `hpack_filter'.
Inserting `luaotfload.cleanup_files' in `wrapup_run'.
Inserting `luaotfload.harf.finalize_unicode' in `finish_pdffile'.
Inserting `luaotfload.glyphinfo' in `glyph_info'.
Lua-only attribute luaotfload.letterspace_done = 3
Inserting `luaotfload.aux.set_sscale_dimens' in `luaotfload.patch_font'.
Inserting `luaotfload.aux.set_font_index' in `luaotfload.patch_font'.
Inserting `luaotfload.aux.patch_cambria_domh' in `luaotfload.patch_font'.
Inserting `luaotfload.aux.fixup_fontdata' in `luaotfload.patch_font_unsafe'.
Inserting `luaotfload.aux.set_capheight' in `luaotfload.patch_font'.
Inserting `luaotfload.aux.set_xheight' in `luaotfload.patch_font'.
Inserting `luaotfload.rewrite_fontname' in `luaotfload.patch_font'.
Inserting `tracingstacklevels' in `input_level_string'.
! Undefined control sequence.
l.1 \fullwidth
            {\Large \textbf{Vetores, Matrizes e Sistemas Lineares}}
? 
! Undefined control sequence.
l.1 \fullwidth{\Large
                    \textbf{Vetores, Matrizes e Sistemas Lineares}}
? 

! LaTeX Error: Missing \begin{document}.

See the LaTeX manual or LaTeX Companion for explanation.
Type  H <return>  for immediate help.
 ...                                              
                                                  
l.1 ...textbf{Vetores, Matrizes e Sistemas Lineares}
                                                  }
? 
luaotfload | db : Font names database loaded from /home/reginaldodr/.texlive2023
/texmf-var/luatex-cache/generic/names/luaotfload-names.luc.gz
Overfull \hbox (36.83pt too wide) in paragraph at lines 1--2
[]\TU/lmr/bx/n/10 Ve-
 []


Overfull \hbox (27.96pt too wide) in paragraph at lines 1--2
\TU/lmr/bx/n/10 tores,
 []


Overfull \hbox (20.34pt too wide) in paragraph at lines 1--2
\TU/lmr/bx/n/10 Ma-
 []


Overfull \hbox (27.32pt too wide) in paragraph at lines 1--2
\TU/lmr/bx/n/10 trizes
 []


Overfull \hbox (5.27pt too wide) in paragraph at lines 1--2
\TU/lmr/bx/n/10 e
 []


Overfull \hbox (17.95pt too wide) in paragraph at lines 1--2
\TU/lmr/bx/n/10 Sis-
 []


Overfull \hbox (29.45pt too wide) in paragraph at lines 1--2
\TU/lmr/bx/n/10 temas
 []


Overfull \hbox (20.33pt too wide) in paragraph at lines 1--2
\TU/lmr/bx/n/10 Lin-
 []


Overfull \hbox (25.41pt too wide) in paragraph at lines 1--2
\TU/lmr/bx/n/10 eares 
 []

! Undefined control sequence.
l.3 \question
           
? 

! LaTeX Error: Missing \begin{document}.

See the LaTeX manual or LaTeX Companion for explanation.
Type  H <return>  for immediate help.
 ...                                              
                                                  
l.4 L
   ocalize os pontos $A=(1,1)$, $B=(-3,0)$, $C=(4,1)$, $D=(2,-3)$ e $E=(3,-2...
? 
LaTeX Font Info:    External font `cmex10' loaded for size
(Font)              <7> on input line 4.
LaTeX Font Info:    External font `cmex10' loaded for size
(Font)              <5> on input line 4.

Overfull \hbox (20.0pt too wide) in paragraph at lines 4--5
[]Localize
 []


Overfull \hbox (18.05553pt too wide) in paragraph at lines 4--5
\OML/cmm/m/it/10 A \OT1/cmr/m/n/10 =
 []


Overfull \hbox (22.22224pt too wide) in paragraph at lines 4--5
\OT1/cmr/m/n/10 (1\OML/cmm/m/it/10 ; \OT1/cmr/m/n/10 1)$\nullfont ,
 []


Overfull \hbox (18.64232pt too wide) in paragraph at lines 4--5
\OML/cmm/m/it/10 B \OT1/cmr/m/n/10 =
 []


Overfull \hbox (30.00005pt too wide) in paragraph at lines 4--5
\OT1/cmr/m/n/10 (\OMS/cmsy/m/n/10 ^^@\OT1/cmr/m/n/10 3\OML/cmm/m/it/10 ; \OT1/c
mr/m/n/10 0)$\nullfont ,
 []


Overfull \hbox (18.418pt too wide) in paragraph at lines 4--5
\OML/cmm/m/it/10 C \OT1/cmr/m/n/10 =
 []


Overfull \hbox (22.22224pt too wide) in paragraph at lines 4--5
\OT1/cmr/m/n/10 (4\OML/cmm/m/it/10 ; \OT1/cmr/m/n/10 1)$\nullfont ,
 []


Overfull \hbox (19.11246pt too wide) in paragraph at lines 4--5
\OML/cmm/m/it/10 D \OT1/cmr/m/n/10 =
 []


Overfull \hbox (30.00005pt too wide) in paragraph at lines 4--5
\OT1/cmr/m/n/10 (2\OML/cmm/m/it/10 ; \OMS/cmsy/m/n/10 ^^@\OT1/cmr/m/n/10 3)$
 []


Overfull \hbox (18.51382pt too wide) in paragraph at lines 4--5
\OML/cmm/m/it/10 E \OT1/cmr/m/n/10 =
 []


Overfull \hbox (30.00005pt too wide) in paragraph at lines 4--5
\OT1/cmr/m/n/10 (3\OML/cmm/m/it/10 ; \OMS/cmsy/m/n/10 ^^@\OT1/cmr/m/n/10 2)$
 []


! LaTeX Error: Environment parts undefined.

See the LaTeX manual or LaTeX Companion for explanation.
Type  H <return>  for immediate help.
 ...                                              
                                                  
l.6 \begin{parts}
               
? 
! Undefined control sequence.
l.7 \part
        $\vec{u}=\vt{AB}+\vt{AC}+\vt{AD}$
? 

! LaTeX Error: Missing \begin{document}.

See the LaTeX manual or LaTeX Companion for explanation.
Type  H <return>  for immediate help.
 ...                                              
                                                  
l.7 \part $
         \vec{u}=\vt{AB}+\vt{AC}+\vt{AD}$
? 
! Undefined control sequence.
l.7 \part $\vec{u}=\vt
                    {AB}+\vt{AC}+\vt{AD}$
? 
! Undefined control sequence.
l.7 \part $\vec{u}=\vt{AB}+\vt
                            {AC}+\vt{AD}$
? 
! Undefined control sequence.
l.7 \part $\vec{u}=\vt{AB}+\vt{AC}+\vt
                                    {AD}$
? 

Overfull \hbox (36.28009pt too wide) in paragraph at lines 7--8
[]$[] \OT1/cmr/m/n/10 =
 []


Overfull \hbox (23.36462pt too wide) in paragraph at lines 7--8
[] \OT1/cmr/m/n/10 +
 []


Overfull \hbox (23.1403pt too wide) in paragraph at lines 7--8
[] \OT1/cmr/m/n/10 +
 []


Overfull \hbox (16.05696pt too wide) in paragraph at lines 7--8
[]$ 
 []

! Undefined control sequence.
l.9 \part
        $\vec{v}=2(\vt{BC}-\vt{EC})+3\vt{EA}-2\vt{AD}$
? 
! Emergency stop.
l.9 
  
End of file on the terminal!



Here is how much of LuaTeX's memory you used:
 23 strings out of 476553
 100000,1977958 words of node,token memory allocated 2894 words of node memory still in use:
   36 hlist, 1 vlist, 4 disc, 3 local_par, 1 dir, 7 math, 89 glue, 13 kern, 19 p
enalty, 193 glyph, 22 attribute, 39 glue_spec, 22 attribute_list nodes
   avail lists: 2:3,3:9,4:15,5:2,7:5,8:14,10:14
 22131 multiletter control sequences out of 65536+600000
 25 fonts using 1345055 bytes
 18i,2n,20p,221b,74s stack positions out of 10000i,1000n,20000p,200000b,200000s
!  ==> Fatal error occurred, no output PDF file produced!
